2026-06-05 20:40:07.655 Uvicorn server started on 127.0.0.1:8502
2026-06-05 20:45:36,955 | INFO | src.rag_engine.engine | initializer.py:41 | init knowledge base start | pdf_dir=./data
2026-06-05 20:45:40,906 | INFO | src.retriever.hybrid | hybrid.py:76 | hybrid bm25 index built | collection=pdf_documents | chunks=3239
2026-06-05 20:45:40,907 | INFO | src.rag_engine.engine | initializer.py:64 | knowledge base indexed | documents=3239
2026-06-05 20:45:59,760 | INFO | src.rag_engine.engine | answering.py:40 | ask start | question=根据武汉兴图新科电子股份有限公司招股意向书，电子信息行业的上游涉及哪些企业？ | question_type=entity
2026-06-05 20:45:59,849 | INFO | src.retriever.hybrid | hybrid.py:118 | hybrid fast path used | query=根据武汉兴图新科电子股份有限公司招股意向书，电子信息行业的上游涉及哪些企业？ | source_file=招股说明书1.pdf | bm25_hits=6 | fused_hits=3
2026-06-05 20:45:59,850 | INFO | src.rag_engine.engine | answering.py:336 | ask done | question=根据武汉兴图新科电子股份有限公司招股意向书，电子信息行业的上游涉及哪些企业？ | question_type=entity | intent=entity_lookup | ambiguous=True | has_context=True | hits=3 | elapsed=0.090
2026-06-05 20:46:13,328 | INFO | src.rag_engine.engine | answering.py:40 | ask start | question=武汉兴图新科电子股份有限公司在哪个领域已经成为重要供应商？ | question_type=entity
2026-06-05 20:46:13,390 | INFO | src.retriever.hybrid | hybrid.py:118 | hybrid fast path used | query=武汉兴图新科电子股份有限公司在哪个领域已经成为重要供应商？ | source_file=招股说明书1.pdf | bm25_hits=6 | fused_hits=3
2026-06-05 20:46:13,392 | INFO | src.rag_engine.engine | answering.py:336 | ask done | question=武汉兴图新科电子股份有限公司在哪个领域已经成为重要供应商？ | question_type=entity | intent=entity_lookup | ambiguous=True | has_context=True | hits=3 | elapsed=0.065
2026-06-05 20:46:24,007 | INFO | src.rag_engine.engine | answering.py:40 | ask start | question=根据武汉兴图新科电子股份有限公司招股意向书，电子信息行业的下游主要包括哪些行业？ | question_type=entity
2026-06-05 20:46:24,089 | INFO | src.retriever.hybrid | hybrid.py:118 | hybrid fast path used | query=根据武汉兴图新科电子股份有限公司招股意向书，电子信息行业的下游主要包括哪些行业？ | source_file=招股说明书1.pdf | bm25_hits=6 | fused_hits=3
2026-06-05 20:46:24,090 | INFO | src.rag_engine.engine | answering.py:336 | ask done | question=根据武汉兴图新科电子股份有限公司招股意向书，电子信息行业的下游主要包括哪些行业？ | question_type=entity | intent=entity_lookup | ambiguous=True | has_context=True | hits=3 | elapsed=0.083
2026-06-05 20:46:43,409 | INFO | src.rag_engine.engine | answering.py:40 | ask start | question=武汉兴图新科电子股份有限公司参与的哪个工程荣获了国家科技进步一等奖？ | question_type=entity
2026-06-05 20:46:43,502 | INFO | src.retriever.hybrid | hybrid.py:118 | hybrid fast path used | query=武汉兴图新科电子股份有限公司参与的哪个工程荣获了国家科技进步一等奖？ | source_file=招股说明书1.pdf | bm25_hits=6 | fused_hits=3
2026-06-05 20:46:43,505 | INFO | src.rag_engine.engine | answering.py:336 | ask done | question=武汉兴图新科电子股份有限公司参与的哪个工程荣获了国家科技进步一等奖？ | question_type=entity | intent=entity_lookup | ambiguous=True | has_context=True | hits=3 | elapsed=0.095
2026-06-05 20:46:58,538 | INFO | src.rag_engine.engine | answering.py:40 | ask start | question=武汉兴图新科电子股份有限公司注册资本是多少？ | question_type=numeric
2026-06-05 20:47:06,831 | INFO | src.rag_engine.engine | answering.py:40 | ask start | question=武汉兴图新科电子股份有限公司法定代表人是谁？ | question_type=entity
2026-06-05 20:47:15,420 | INFO | src.rag_engine.engine | answering.py:40 | ask start | question=武汉兴图新科电子股份有限公司计划使用本次发行募集资金的多少用于补充流动资金？ | question_type=numeric
2026-06-05 20:47:15,504 | INFO | src.retriever.hybrid | hybrid.py:118 | hybrid fast path used | query=武汉兴图新科电子股份有限公司计划使用本次发行募集资金的多少用于补充流动资金？ 募集资金 金额 补充流动资金 | source_file=招股说明书1.pdf | bm25_hits=6 | fused_hits=3
2026-06-05 20:47:15,506 | INFO | src.rag_engine.engine | answering.py:336 | ask done | question=武汉兴图新科电子股份有限公司计划使用本次发行募集资金的多少用于补充流动资金？ | question_type=numeric | intent=numeric_lookup | ambiguous=True | has_context=True | hits=3 | elapsed=0.086
2026-06-05 20:47:45,087 | INFO | src.rag_engine.engine | answering.py:40 | ask start | question=武汉力源信息技术股份有限公司组织结构图中，销售部有几个部门构成，其中大客户销售部有几个销售处构成？ | question_type=entity
2026-06-05 20:47:56,521 | INFO | src.rag_engine.engine | multimodal.py:292 | multimodal answer length=111 | question=武汉力源信息技术股份有限公司组织结构图中，销售部有几个部门构成，其中大客户销售部有几个销售处构成？
2026-06-05 20:48:00,413 | INFO | src.rag_engine.engine | answering.py:40 | ask start | question=武汉力源信息技术股份有限公司招股意向书中，从 2008 年中国 IC 市场应用结构与增长图中可以看出，增长率最快的是哪个行业？负增长的是哪个行业？ | question_type=entity
2026-06-05 20:48:00,416 | INFO | src.rag_engine.engine | multimodal.py:257 | multimodal redis cache hit | question=武汉力源信息技术股份有限公司招股意向书中，从 2008 年中国 IC 市场应用结构与增长图中可以看出，增长率最快的是哪个行业？负增长的是哪个行业？ | image=mineru_output\images\招股说明书2_p072_render.png
2026-06-05 20:48:12,858 | INFO | src.rag_engine.engine | answering.py:40 | ask start | question=武汉力源信息技术股份有限公司本次发行股数是多少，占发行后总股本的比例是多少？ | question_type=percentage
2026-06-05 20:48:22,176 | INFO | src.rag_engine.engine | answering.py:40 | ask start | question=武汉力源信息技术股份有限公司本次募集资金拟投资哪些项目？ | question_type=entity
2026-06-05 20:48:22,249 | INFO | src.retriever.hybrid | hybrid.py:118 | hybrid fast path used | query=武汉力源信息技术股份有限公司本次募集资金拟投资哪些项目？ 募集资金 金额  | source_file=招股说明书2.pdf | bm25_hits=6 | fused_hits=3
2026-06-05 20:48:30,988 | INFO | src.rag_engine.engine | answering.py:40 | ask start | question=与武汉力源信息技术股份有限公司存在控制关系的关联方是谁，持股比例和本公司关系是什么？ | question_type=percentage
2026-06-05 20:48:45,502 | INFO | src.rag_engine.engine | answering.py:40 | ask start | question=与武汉力源信息技术股份有限公司不存在控制关系的关联方企业有哪些？ | question_type=entity
2026-06-05 20:48:50,795 | INFO | src.rag_engine.engine | answering.py:40 | ask start | question=报告期内，武汉兴图新科电子股份有限公司来自军用领域的收入分别是多少？ | question_type=numeric
2026-06-05 20:48:50,830 | INFO | src.retriever.hybrid | hybrid.py:118 | hybrid fast path used | query=直接和间接向国防客户的销售额合计分别是多少 | source_file=招股说明书1.pdf | bm25_hits=6 | fused_hits=3
2026-06-05 20:48:50,833 | INFO | src.rag_engine.engine | answering.py:336 | ask done | question=报告期内，武汉兴图新科电子股份有限公司来自军用领域的收入分别是多少？ | question_type=numeric | intent=numeric_lookup | ambiguous=True | has_context=True | hits=3 | elapsed=0.038
2026-06-05 20:49:03,935 | INFO | src.rag_engine.engine | answering.py:40 | ask start | question=武汉兴图新科电子股份有限公司参与制定了哪个技术标准？ | question_type=entity
2026-06-05 20:49:03,990 | INFO | src.retriever.hybrid | hybrid.py:118 | hybrid fast path used | query=武汉兴图新科电子股份有限公司参与制定了哪个技术标准？ | source_file=招股说明书1.pdf | bm25_hits=6 | fused_hits=3
2026-06-05 20:49:03,993 | INFO | src.rag_engine.engine | answering.py:336 | ask done | question=武汉兴图新科电子股份有限公司参与制定了哪个技术标准？ | question_type=entity | intent=entity_lookup | ambiguous=True | has_context=True | hits=3 | elapsed=0.058
2026-06-05 20:49:09,440 | INFO | src.rag_engine.engine | answering.py:40 | ask start | question=报告期内，武汉兴图新科电子股份有限公司来自军用领域的收入占主营业务收入的比重分别是多少？ | question_type=percentage
2026-06-05 20:49:09,548 | INFO | src.retriever.hybrid | hybrid.py:118 | hybrid fast path used | query=报告期内，武汉兴图新科电子股份有限公司来自军用领域的收入占主营业务收入的比重分别是多少？ | source_file=招股说明书1.pdf | bm25_hits=6 | fused_hits=3
2026-06-05 20:49:09,551 | INFO | src.rag_engine.engine | answering.py:336 | ask done | question=报告期内，武汉兴图新科电子股份有限公司来自军用领域的收入占主营业务收入的比重分别是多少？ | question_type=percentage | intent=percentage_lookup | ambiguous=True | has_context=True | hits=3 | elapsed=0.111
