已从知识库缓存加载，无需重复解析文件: total=39, role_counts={'1': 0, '2': 0, '3': 0, '4': 0, '5': 0, '6': 0, '7': 0, '8': 0, '9': 0}, skipped=0
2026-05-12 14:25:20 | INFO     | root | logging.py:63 | setup_logging() | 日志系统初始化完成，日志文件: logs\app.log, 错误日志: logs\error.log
2026-05-12 14:25:20 | INFO     | uvicorn.error | server.py:76 | serve() | Started server process [17876]
2026-05-12 14:25:20 | INFO     | uvicorn.error | on.py:46 | startup() | Waiting for application startup.
2026-05-12 14:25:20 | INFO     | main | main.py:68 | startup_event() | 应用启动初始化开始
成功连接到 Redis
成功连接到 Redis
成功连接到 Milvus 长期记忆集合: chatbot_long_term_memory
成功连接到 Milvus 长期记忆集合: chatbot_long_term_memory
成功连接到Milvus: http://192.168.190.128:19530
检查集合是否存在: chatbot_knowledge
检查集合存在结果: True
集合 chatbot_knowledge 已存在
成功连接到Milvus: http://192.168.190.128:19530
检查集合是否存在: chatbot_knowledge
检查集合存在结果: True
集合 chatbot_knowledge 已存在
2026-05-12 14:25:25 | INFO     | app.core.rag | rag.py:197 | init_embedding_model() | 向量化模型初始化成功
已从知识库缓存加载，无需重复解析文件: total=39, role_counts={'1': 0, '2': 0, '3': 0, '4': 0, '5': 0, '6': 0, '7': 0, '8': 0, '9': 0}, skipped=0
2026-05-12 14:25:26 | INFO     | app.core.rag | rag.py:235 | init_knowledge_base() | 知识库加载完成，共 0 条
2026-05-12 14:25:26 | INFO     | mysql.connector | __init__.py:151 | get_auth_plugin() | package: mysql.connector.plugins
2026-05-12 14:25:26 | INFO     | mysql.connector | __init__.py:152 | get_auth_plugin() | plugin_name: caching_sha2_password
2026-05-12 14:25:26 | INFO     | mysql.connector | __init__.py:156 | get_auth_plugin() | AUTHENTICATION_PLUGIN_CLASS: MySQLCachingSHA2PasswordAuthPlugin
2026-05-12 14:25:26 | INFO     | mysql.connector | __init__.py:151 | get_auth_plugin() | package: mysql.connector.plugins
2026-05-12 14:25:26 | INFO     | mysql.connector | __init__.py:152 | get_auth_plugin() | plugin_name: mysql_native_password
2026-05-12 14:25:26 | INFO     | mysql.connector | __init__.py:156 | get_auth_plugin() | AUTHENTICATION_PLUGIN_CLASS: MySQLNativePasswordAuthPlugin
